// Jest Snapshot v1, https://goo.gl/fbAQLP

exports[`HoneycombDrag should match the snapshot with the data passed in 1`] = `
<section
  className="HoneycombDrag"
>
  <HexGrid
    height={250}
    viewBox="-50 -50 100 100"
    width={1000}
  >
    <Layout
      flat={false}
      origin={
        Object {
          "x": -10,
          "y": -10,
        }
      }
      size={
        Object {
          "x": 9,
          "y": 9,
        }
      }
      spacing={1.1}
    >
      <Hexagon
        q={-6}
        r={-2}
        s={0}
      />
      <Hexagon
        q={-5}
        r={-2}
        s={0}
      />
      <Hexagon
        q={-4}
        r={-2}
        s={0}
      />
      <Hexagon
        q={-3}
        r={-2}
        s={0}
      />
      <Hexagon
        q={-2}
        r={-2}
        s={0}
      />
      <Hexagon
        q={-1}
        r={-2}
        s={0}
      />
      <Hexagon
        q={0}
        r={-2}
        s={0}
      />
      <Hexagon
        q={1}
        r={-2}
        s={0}
      />
      <Hexagon
        q={2}
        r={-2}
        s={0}
      />
      <Hexagon
        q={3}
        r={-2}
        s={0}
      />
      <Hexagon
        q={4}
        r={-2}
        s={0}
      />
      <Hexagon
        q={5}
        r={-2}
        s={0}
      />
      <Hexagon
        q={6}
        r={-2}
        s={0}
      />
      <Hexagon
        q={-6}
        r={-1}
        s={0}
      />
      <Hexagon
        q={-5}
        r={-1}
        s={0}
      />
      <Hexagon
        q={-4}
        r={-1}
        s={0}
      />
      <Hexagon
        q={-3}
        r={-1}
        s={0}
      />
      <Hexagon
        q={-2}
        r={-1}
        s={0}
      />
      <Hexagon
        q={-1}
        r={-1}
        s={0}
      />
      <Hexagon
        q={0}
        r={-1}
        s={0}
      />
      <Hexagon
        q={1}
        r={-1}
        s={0}
      />
      <Hexagon
        q={2}
        r={-1}
        s={0}
      />
      <Hexagon
        q={3}
        r={-1}
        s={0}
      />
      <Hexagon
        q={4}
        r={-1}
        s={0}
      />
      <Hexagon
        q={5}
        r={-1}
        s={0}
      />
      <Hexagon
        q={-7}
        r={0}
        s={0}
      />
      <Hexagon
        q={-6}
        r={0}
        s={0}
      />
      <Hexagon
        q={-5}
        r={0}
        s={0}
      />
      <Hexagon
        q={-4}
        r={0}
        s={0}
      />
      <Hexagon
        q={-3}
        r={0}
        s={0}
      />
      <Hexagon
        q={-2}
        r={0}
        s={0}
      />
      <Hexagon
        q={-1}
        r={0}
        s={0}
      />
      <Hexagon
        q={0}
        r={0}
        s={0}
      />
      <Hexagon
        q={1}
        r={0}
        s={0}
      />
      <Hexagon
        q={2}
        r={0}
        s={0}
      />
      <Hexagon
        q={3}
        r={0}
        s={0}
      />
      <Hexagon
        q={4}
        r={0}
        s={0}
      />
      <Hexagon
        q={5}
        r={0}
        s={0}
      />
      <Hexagon
        q={-7}
        r={1}
        s={0}
      />
      <Hexagon
        q={-6}
        r={1}
        s={0}
      />
      <Hexagon
        q={-5}
        r={1}
        s={0}
      />
      <Hexagon
        q={-4}
        r={1}
        s={0}
      />
      <Hexagon
        q={-3}
        r={1}
        s={0}
      />
      <Hexagon
        q={-2}
        r={1}
        s={0}
      />
      <Hexagon
        q={-1}
        r={1}
        s={0}
      />
      <Hexagon
        q={0}
        r={1}
        s={0}
      />
      <Hexagon
        q={1}
        r={1}
        s={0}
      />
      <Hexagon
        q={2}
        r={1}
        s={0}
      />
      <Hexagon
        q={3}
        r={1}
        s={0}
      />
      <Hexagon
        q={4}
        r={1}
        s={0}
      />
      <Path
        end={
          Hex {
            "q": -2,
            "r": 0,
            "s": 1,
          }
        }
        start={
          Hex {
            "q": 0,
            "r": 0,
            "s": 0,
          }
        }
      />
    </Layout>
  </HexGrid>
</section>
`;
