// Jest Snapshot v1, https://goo.gl/fbAQLP

exports[`CharacterChoices should match the snapshot with all the data passed in 1`] = `
<div
  className="character-choices"
>
  <img
    src="https://i.imgur.com/g3EiCSi.png"
  />
  <img
    src="https://i.imgur.com/so58O3K.png"
  />
  <img
    src="https://i.imgur.com/4ByqI3E.png"
  />
  <img
    src="https://i.imgur.com/AmeGHvR.png"
  />
  <img
    src="https://i.imgur.com/3Fj3uOv.png"
  />
</div>
`;
