// Jest Snapshot v1, https://goo.gl/fbAQLP

exports[`ChosenDisplay should match the snapshot iwth all the data passed in 1`] = `
<div
  className="chosen-display"
>
  <section
    className="choose-level"
  >
    <h2>
      Current Level: 
      0
    </h2>
    <button>
      -
    </button>
    <button>
      +
    </button>
  </section>
  <section
    className="current-roster"
  >
    <section
      className="Honeycomb-section"
    >
      <Honeycomb />
    </section>
    <article>
      <h3>
        Current Synergies:
      </h3>
      <h4>
        YORDLE
      </h4>
      <h4>
        SORCERER
      </h4>
    </article>
    <section>
      <Stats
        currentTeam={
          Array [
            Object {
              "dmg": 260,
              "health": 400,
              "name": "vayne",
            },
          ]
        }
      />
    </section>
  </section>
</div>
`;
