// Jest Snapshot v1, https://goo.gl/fbAQLP

exports[`ChosenDisplay should match the snapshot iwth all the data passed in 1`] = `
<div
  className="chosen-display"
>
  <section
    className="current-roster"
  >
    <section
      className="Honeycomb-section"
    >
      <HexGrid
        class="grid"
        height={600}
        viewBox="-50 -50 100 100"
        width={1000}
      >
        <Honeycomb />
        <HoneycombDrag />
      </HexGrid>
    </section>
    <article
      className="team-stats"
    >
      <Stats
        currentTeam={
          Array [
            Object {
              "dmg": 260,
              "health": 400,
              "img": "https://i.imgur.com/3Fj3uOv.png",
              "name": "vayne",
            },
          ]
        }
      />
    </article>
    <article
      className="team-synergies"
    >
      <h3>
        Current Synergies:
      </h3>
      <h4>
        YORDLE
      </h4>
      <h4>
        SORCERER
      </h4>
    </article>
  </section>
</div>
`;
