// Jest Snapshot v1, https://goo.gl/fbAQLP

exports[`ChosenCharacters should match the snapshot with all the data passed in 1`] = `
<div
  className="chosen-characters"
>
  <div
    className="chosen-characters-area"
  >
    <img
      className="chosen-img"
      src="https://i.imgur.com/MTvNXB1.png"
    />
  </div>
  <div
    className="chosen-characters-area"
  >
    <img
      className="chosen-img"
      src="https://i.imgur.com/EkVoOjj.png"
    />
  </div>
</div>
`;
