// Jest Snapshot v1, https://goo.gl/fbAQLP

exports[`Champions should match the snapshot with all the data passed in 1`] = `
<div
  className="full-car"
>
  <h1
    className="car-title"
  >
    Choose A Champion
  </h1>
  <div
    className="carousel"
  >
    <div
      className="images"
    >
      <a
        data-for="this-one"
        data-tip={true}
      >
        <img
          className="car-imgs"
          src="https://i.imgur.com/9YG3Clp.png"
        />
      </a>
      <ReactTooltip
        clickable={false}
        id="this-one"
        insecure={true}
        resizeHide={true}
        type="success"
        wrapper="div"
      >
        <span>
          IT WORKS SON!
        </span>
      </ReactTooltip>
    </div>
    <div
      className="images"
    >
      <a
        data-for="thistwo"
        data-tip={true}
      >
        <img
          className="car-imgs"
          src="https://i.imgur.com/DMOVd7b.png"
        />
      </a>
      <ReactTooltip
        clickable={false}
        id="thistwo"
        insecure={true}
        resizeHide={true}
        type="success"
        wrapper="div"
      >
        <span>
          DUUUUDE!
        </span>
      </ReactTooltip>
    </div>
    <div
      className="images"
    >
      <a
        data-for="this-three"
        data-tip={true}
      >
        <img
          className="car-imgs"
          src="https://i.imgur.com/0keMK4n.png"
        />
      </a>
      <ReactTooltip
        clickable={false}
        id="this-three"
        insecure={true}
        resizeHide={true}
        type="success"
        wrapper="div"
      >
        <span>
          DOG IM TELLIN YOU!
        </span>
      </ReactTooltip>
    </div>
    <div
      className="images"
    >
      <a
        data-for="this-4"
        data-tip={true}
      >
        <img
          className="car-imgs"
          src="https://i.imgur.com/e08Gynb.png"
        />
      </a>
      <ReactTooltip
        clickable={false}
        id="this-4"
        insecure={true}
        resizeHide={true}
        type="success"
        wrapper="div"
      >
        <span>
          BELIEVE ME
        </span>
      </ReactTooltip>
    </div>
    <div
      className="images"
    >
      <a
        data-for="this-5"
        data-tip={true}
      >
        <img
          className="car-imgs"
          src="https://i.imgur.com/OdC7Spy.png"
        />
      </a>
      <ReactTooltip
        clickable={false}
        id="this-5"
        insecure={true}
        resizeHide={true}
        type="success"
        wrapper="div"
      >
        <span>
          BELIEVE ME YET!??
        </span>
      </ReactTooltip>
    </div>
  </div>
</div>
`;
