// Jest Snapshot v1, https://goo.gl/fbAQLP

exports[`Stats should match the snapshot with all the data passed in 1`] = `
<section
  className="Stats"
>
  <article>
    <img
      alt="Twisted Fate portrait"
    />
    <h5>
      Twisted Fate
    </h5>
    <h6>
      400
    </h6>
    <h6>
      72
    </h6>
  </article>
</section>
`;
