// Jest Snapshot v1, https://goo.gl/fbAQLP

exports[`NoMatch should match the snapshot with the data passed in 1`] = `
<div
  className="NoMatch"
>
  <img
    alt="amumu, the sad mummuy. sorry, this page does not exist"
    src="404_amumu.png"
  />
  <div>
    <h2>
      Sorry, that page does not exist!
    </h2>
    <Link
      to="/"
    >
      <button>
        Back
      </button>
    </Link>
  </div>
</div>
`;
